[2026-09-21 20:32:02] local.ERROR: Command "server" is not defined.

Did you mean one of these?
    make:observer
    serve {"exception":"[object] (Symfony\\Component\\Console\\Exception\\CommandNotFoundException(code: 0): Command \"server\" is not defined.

Did you mean one of these?
    make:observer
    serve at C:/Users/Jhand/OneDrive/Desktop/Proyecto de Desarrollo/desarrollo/vendor/symfony/console/Application.php:759)
[stacktrace]
#0 C:/Users/Jhand/OneDrive/Desktop/Proyecto de Desarrollo/desarrollo/vendor/symfony/console/Application.php(298): Symfony/Component/Console/Application->find('server')
#1 C:/Users/Jhand/OneDrive/Desktop/Proyecto de Desarrollo/desarrollo/vendor/symfony/console/Application.php(195): Symfony/Component/Console/Application->doRun(Object(Symfony/Component/Console/Input/ArgvInput), Object(Symfony/Component/Console/Output/ConsoleOutput))
#2 C:/Users/Jhand/OneDrive/Desktop/Proyecto de Desarrollo/desarrollo/vendor/laravel/framework/src/Illuminate/Foundation/Console/Kernel.php(198): Symfony/Component/Console/Application->run(Object(Symfony/Component/Console/Input/ArgvInput), Object(Symfony/Component/Console/Output/ConsoleOutput))
#3 C:/Users/Jhand/OneDrive/Desktop/Proyecto de Desarrollo/desarrollo/vendor/laravel/framework/src/Illuminate/Foundation/Application.php(1235): Illuminate/Foundation/Console/Kernel->handle(Object(Symfony/Component/Console/Input/ArgvInput), Object(Symfony/Component/Console/Output/ConsoleOutput))
#4 C:/Users/Jhand/OneDrive/Desktop/Proyecto de Desarrollo/desarrollo/artisan(16): Illuminate/Foundation/Application->handleCommand(Object(Symfony/Component/Console/Input/ArgvInput))
#5 {main}
"} 
[2026-09-21 20:37:31] local.ERROR: Database connection [] not configured. {"exception":"[object] (InvalidArgumentException(code: 0): Database connection [] not configured. at C:/Users/Jhand/OneDrive/Desktop/Proyecto de Desarrollo/desarrollo/vendor/laravel/framework/src/Illuminate/Database/DatabaseManager.php:221)
[stacktrace]
#0 C:/Users/Jhand/OneDrive/Desktop/Proyecto de Desarrollo/desarrollo/vendor/laravel/framework/src/Illuminate/Database/DatabaseManager.php(187): Illuminate/Database/DatabaseManager->configuration('')
#1 C:/Users/Jhand/OneDrive/Desktop/Proyecto de Desarrollo/desarrollo/vendor/laravel/framework/src/Illuminate/Database/DatabaseManager.php(102): Illuminate/Database/DatabaseManager->makeConnection('')
#2 C:/Users/Jhand/OneDrive/Desktop/Proyecto de Desarrollo/desarrollo/vendor/laravel/framework/src/Illuminate/Session/SessionManager.php(108): Illuminate/Database/DatabaseManager->connection('')
#3 C:/Users/Jhand/OneDrive/Desktop/Proyecto de Desarrollo/desarrollo/vendor/laravel/framework/src/Illuminate/Session/SessionManager.php(95): Illuminate/Session/SessionManager->getDatabaseConnection()
#4 C:/Users/Jhand/OneDrive/Desktop/Proyecto de Desarrollo/desarrollo/vendor/laravel/framework/src/Illuminate/Support/Manager.php(101): Illuminate/Session/SessionManager->createDatabaseDriver()
#5 C:/Users/Jhand/OneDrive/Desktop/Proyecto de Desarrollo/desarrollo/vendor/laravel/framework/src/Illuminate/Support/Manager.php(78): Illuminate/Support/Manager->createDriver('database')
#6 C:/Users/Jhand/OneDrive/Desktop/Proyecto de Desarrollo/desarrollo/vendor/laravel/framework/src/Illuminate/Session/Middleware/StartSession.php(158): Illuminate/Support/Manager->driver()
#7 C:/Users/Jhand/OneDrive/Desktop/Proyecto de Desarrollo/desarrollo/vendor/laravel/framework/src/Illuminate/Session/Middleware/StartSession.php(56): Illuminate/Session/Middleware/StartSession->getSession(Object(Illuminate/Http/Request))
#8 C:/Users/Jhand/OneDrive/Desktop/Proyecto de Desarrollo/desarrollo/vendor/laravel/framework/src/Illuminate/Pipeline/Pipeline.php(219): Illuminate/Session/Middleware/StartSession->handle(Object(Illuminate/Http/Request), Object(Closure))
#9 C:/Users/Jhand/OneDrive/Desktop/Proyecto de Desarrollo/desarrollo/vendor/laravel/framework/src/Illuminate/Cookie/Middleware/AddQueuedCookiesToResponse.php(36): Illuminate/Pipeline/Pipeline->Illuminate/Pipeline/{closure}(Object(Illuminate/Http/Request))
#10 C:/Users/Jhand/OneDrive/Desktop/Proyecto de Desarrollo/desarrollo/vendor/laravel/framework/src/Illuminate/Pipeline/Pipeline.php(219): Illuminate/Cookie/Middleware/AddQueuedCookiesToResponse->handle(Object(Illuminate/Http/Request), Object(Closure))
#11 C:/Users/Jhand/OneDrive/Desktop/Proyecto de Desarrollo/desarrollo/vendor/laravel/framework/src/Illuminate/Cookie/Middleware/EncryptCookies.php(74): Illuminate/Pipeline/Pipeline->Illuminate/Pipeline/{closure}(Object(Illuminate/Http/Request))
#12 C:/Users/Jhand/OneDrive/Desktop/Proyecto de Desarrollo/desarrollo/vendor/laravel/framework/src/Illuminate/Pipeline/Pipeline.php(219): Illuminate/Cookie/Middleware/EncryptCookies->handle(Object(Illuminate/Http/Request), Object(Closure))
#13 C:/Users/Jhand/OneDrive/Desktop/Proyecto de Desarrollo/desarrollo/vendor/laravel/framework/src/Illuminate/Pipeline/Pipeline.php(137): Illuminate/Pipeline/Pipeline->Illuminate/Pipeline/{closure}(Object(Illuminate/Http/Request))
#14 C:/Users/Jhand/OneDrive/Desktop/Proyecto de Desarrollo/desarrollo/vendor/laravel/framework/src/Illuminate/Routing/Router.php(821): Illuminate/Pipeline/Pipeline->then(Object(Closure))
#15 C:/Users/Jhand/OneDrive/Desktop/Proyecto de Desarrollo/desarrollo/vendor/laravel/framework/src/Illuminate/Routing/Router.php(800): Illuminate/Routing/Router->runRouteWithinStack(Object(Illuminate/Routing/Route), Object(Illuminate/Http/Request))
#16 C:/Users/Jhand/OneDrive/Desktop/Proyecto de Desarrollo/desarrollo/vendor/laravel/framework/src/Illuminate/Routing/Router.php(764): Illuminate/Routing/Router->runRoute(Object(Illuminate/Http/Request), Object(Illuminate/Routing/Route))
#17 C:/Users/Jhand/OneDrive/Desktop/Proyecto de Desarrollo/desarrollo/vendor/laravel/framework/src/Illuminate/Routing/Router.php(753): Illuminate/Routing/Router->dispatchToRoute(Object(Illuminate/Http/Request))
#18 C:/Users/Jhand/OneDrive/Desktop/Proyecto de Desarrollo/desarrollo/vendor/laravel/framework/src/Illuminate/Foundation/Http/Kernel.php(200): Illuminate/Routing/Router->dispatch(Object(Illuminate/Http/Request))
#19 C:/Users/Jhand/OneDrive/Desktop/Proyecto de Desarrollo/desarrollo/vendor/laravel/framework/src/Illuminate/Pipeline/Pipeline.php(180): Illuminate/Foundation/Http/Kernel->Illuminate/Foundation/Http/{closure}(Object(Illuminate/Http/Request))
#20 C:/Users/Jhand/OneDrive/Desktop/Proyecto de Desarrollo/desarrollo/vendor/laravel/framework/src/Illuminate/Foundation/Http/Middleware/TransformsRequest.php(21): Illuminate/Pipeline/Pipeline->Illuminate/Pipeline/{closure}(Object(Illuminate/Http/Request))
#21 C:/Users/Jhand/OneDrive/Desktop/Proyecto de Desarrollo/desarrollo/vendor/laravel/framework/src/Illuminate/Foundation/Http/Middleware/ConvertEmptyStringsToNull.php(31): Illuminate/Foundation/Http/Middleware/TransformsRequest->handle(Object(Illuminate/Http/Request), Object(Closure))
#22 C:/Users/Jhand/OneDrive/Desktop/Proyecto de Desarrollo/desarrollo/vendor/laravel/framework/src/Illuminate/Pipeline/Pipeline.php(219): Illuminate/Foundation/Http/Middleware/ConvertEmptyStringsToNull->handle(Object(Illuminate/Http/Request), Object(Closure))
#23 C:/Users/Jhand/OneDrive/Desktop/Proyecto de Desarrollo/desarrollo/vendor/laravel/framework/src/Illuminate/Foundation/Http/Middleware/TransformsRequest.php(21): Illuminate/Pipeline/Pipeline->Illuminate/Pipeline/{closure}(Object(Illuminate/Http/Request))
#24 C:/Users/Jhand/OneDrive/Desktop/Proyecto de Desarrollo/desarrollo/vendor/laravel/framework/src/Illuminate/Foundation/Http/Middleware/TrimStrings.php(51): Illuminate/Foundation/Http/Middleware/TransformsRequest->handle(Object(Illuminate/Http/Request), Object(Closure))
#25 C:/Users/Jhand/OneDrive/Desktop/Proyecto de Desarrollo/desarrollo/vendor/laravel/framework/src/Illuminate/Pipeline/Pipeline.php(219): Illuminate/Foundation/Http/Middleware/TrimStrings->handle(Object(Illuminate/Http/Request), Object(Closure))
#26 C:/Users/Jhand/OneDrive/Desktop/Proyecto de Desarrollo/desarrollo/vendor/laravel/framework/src/Illuminate/Http/Middleware/ValidatePostSize.php(27): Illuminate/Pipeline/Pipeline->Illuminate/Pipeline/{closure}(Object(Illuminate/Http/Request))
#27 C:/Users/Jhand/OneDrive/Desktop/Proyecto de Desarrollo/desarrollo/vendor/laravel/framework/src/Illuminate/Pipeline/Pipeline.php(219): Illuminate/Http/Middleware/ValidatePostSize->handle(Object(Illuminate/Http/Request), Object(Closure))
#28 C:/Users/Jhand/OneDrive/Desktop/Proyecto de Desarrollo/desarrollo/vendor/laravel/framework/src/Illuminate/Foundation/Http/Middleware/PreventRequestsDuringMaintenance.php(109): Illuminate/Pipeline/Pipeline->Illuminate/Pipeline/{closure}(Object(Illuminate/Http/Request))
#29 C:/Users/Jhand/OneDrive/Desktop/Proyecto de Desarrollo/desarrollo/vendor/laravel/framework/src/Illuminate/Pipeline/Pipeline.php(219): Illuminate/Foundation/Http/Middleware/PreventRequestsDuringMaintenance->handle(Object(Illuminate/Http/Request), Object(Closure))
#30 C:/Users/Jhand/OneDrive/Desktop/Proyecto de Desarrollo/desarrollo/vendor/laravel/framework/src/Illuminate/Http/Middleware/HandleCors.php(61): Illuminate/Pipeline/Pipeline->Illuminate/Pipeline/{closure}(Object(Illuminate/Http/Request))
#31 C:/Users/Jhand/OneDrive/Desktop/Proyecto de Desarrollo/desarrollo/vendor/laravel/framework/src/Illuminate/Pipeline/Pipeline.php(219): Illuminate/Http/Middleware/HandleCors->handle(Object(Illuminate/Http/Request), Object(Closure))
#32 C:/Users/Jhand/OneDrive/Desktop/Proyecto de Desarrollo/desarrollo/vendor/laravel/framework/src/Illuminate/Http/Middleware/TrustProxies.php(58): Illuminate/Pipeline/Pipeline->Illuminate/Pipeline/{closure}(Object(Illuminate/Http/Request))
#33 C:/Users/Jhand/OneDrive/Desktop/Proyecto de Desarrollo/desarrollo/vendor/laravel/framework/src/Illuminate/Pipeline/Pipeline.php(219): Illuminate/Http/Middleware/TrustProxies->handle(Object(Illuminate/Http/Request), Object(Closure))
#34 C:/Users/Jhand/OneDrive/Desktop/Proyecto de Desarrollo/desarrollo/vendor/laravel/framework/src/Illuminate/Foundation/Http/Middleware/InvokeDeferredCallbacks.php(22): Illuminate/Pipeline/Pipeline->Illuminate/Pipeline/{closure}(Object(Illuminate/Http/Request))
#35 C:/Users/Jhand/OneDrive/Desktop/Proyecto de Desarrollo/desarrollo/vendor/laravel/framework/src/Illuminate/Pipeline/Pipeline.php(219): Illuminate/Foundation/Http/Middleware/InvokeDeferredCallbacks->handle(Object(Illuminate/Http/Request), Object(Closure))
#36 C:/Users/Jhand/OneDrive/Desktop/Proyecto de Desarrollo/desarrollo/vendor/laravel/framework/src/Illuminate/Http/Middleware/ValidatePathEncoding.php(26): Illuminate/Pipeline/Pipeline->Illuminate/Pipeline/{closure}(Object(Illuminate/Http/Request))
#37 C:/Users/Jhand/OneDrive/Desktop/Proyecto de Desarrollo/desarrollo/vendor/laravel/framework/src/Illuminate/Pipeline/Pipeline.php(219): Illuminate/Http/Middleware/ValidatePathEncoding->handle(Object(Illuminate/Http/Request), Object(Closure))
#38 C:/Users/Jhand/OneDrive/Desktop/Proyecto de Desarrollo/desarrollo/vendor/laravel/framework/src/Illuminate/Pipeline/Pipeline.php(137): Illuminate/Pipeline/Pipeline->Illuminate/Pipeline/{closure}(Object(Illuminate/Http/Request))
#39 C:/Users/Jhand/OneDrive/Desktop/Proyecto de Desarrollo/desarrollo/vendor/laravel/framework/src/Illuminate/Foundation/Http/Kernel.php(175): Illuminate/Pipeline/Pipeline->then(Object(Closure))
#40 C:/Users/Jhand/OneDrive/Desktop/Proyecto de Desarrollo/desarrollo/vendor/laravel/framework/src/Illuminate/Foundation/Http/Kernel.php(144): Illuminate/Foundation/Http/Kernel->sendRequestThroughRouter(Object(Illuminate/Http/Request))
#41 C:/Users/Jhand/OneDrive/Desktop/Proyecto de Desarrollo/desarrollo/vendor/laravel/framework/src/Illuminate/Foundation/Application.php(1220): Illuminate/Foundation/Http/Kernel->handle(Object(Illuminate/Http/Request))
#42 C:/Users/Jhand/OneDrive/Desktop/Proyecto de Desarrollo/desarrollo/public/index.php(20): Illuminate/Foundation/Application->handleRequest(Object(Illuminate/Http/Request))
#43 C:/Users/Jhand/OneDrive/Desktop/Proyecto de Desarrollo/desarrollo/vendor/laravel/framework/src/Illuminate/Foundation/resources/server.php(23): require_once('C://Users//Jhand//...')
#44 {main}
"} 
